{
    "config": {
        "figsize": 5,
        "gridsize": 5,
        "title": "Simulation"
    },
    "states": [
        {
            "ant": {
                "coordinate": {
                    "x": 0,
                    "y": 0
                },
                "orientation": 90
            },
            "squares": []
        },
        {
            "ant": {
                "coordinate": {
                    "x": 0,
                    "y": 1
                },
                "orientation": 0
            },
            "squares": [
                {
                    "color": 1,
                    "coordinate": {
                        "x": 0,
                        "y": 0
                    }
                }
            ]
        }
    ]
}
